// Jest Snapshot v1, https://goo.gl/fbAQLP

exports[`Tooltip renders component with correct arrow placement - bottom 1`] = `
<body>
  <div>
    <span>
      <div>
        TooltipContent
      </div>
    </span>
  </div>
</body>
`;

exports[`Tooltip renders component with correct arrow placement - bottom-end 1`] = `
<body>
  <div>
    <span>
      <div>
        TooltipContent
      </div>
    </span>
  </div>
</body>
`;

exports[`Tooltip renders component with correct arrow placement - bottom-start 1`] = `
<body>
  <div>
    <span>
      <div>
        TooltipContent
      </div>
    </span>
  </div>
</body>
`;

exports[`Tooltip renders component with correct arrow placement - top 1`] = `
<body>
  <div>
    <span>
      <div>
        TooltipContent
      </div>
    </span>
  </div>
</body>
`;

exports[`Tooltip renders component with correct arrow placement - top-end 1`] = `
<body>
  <div>
    <span>
      <div>
        TooltipContent
      </div>
    </span>
  </div>
</body>
`;

exports[`Tooltip renders component with correct arrow placement - top-start 1`] = `
<body>
  <div>
    <span>
      <div>
        TooltipContent
      </div>
    </span>
  </div>
</body>
`;
