// Jest Snapshot v1, https://goo.gl/fbAQLP

exports[`channelMessagesToText should convert channel messages to text format: 
      "[JohnDoe 2023-11-22]
      Hello, World!

      [JaneDoe 2023-11-22]
      How are you?

      [Alice 2023-11-22]
      Hi there!

      [Bob 2023-11-23]
      Good morning!"
     1`] = `
"[JohnDoe 2023-11-22]
Hello, World!,[JaneDoe 2023-11-22]
How are you?,[Alice 2023-11-22]
Hi there!"
`;

exports[`channelMessagesToText should convert channel messages to text format: 
      "[JohnDoe 2023-11-22]
      Hello, World!

      [JaneDoe 2023-11-22]
      How are you?wrgletjr

      [Alice 2023-11-22]
      Hi there!

      [Bob 2023-11-23]
      Good morning!"
     1`] = `
"[JohnDoe 2023-11-22]
Hello, World!,[JaneDoe 2023-11-22]
How are you?,[Alice 2023-11-22]
Hi there!"
`;

exports[`channelMessagesToText should convert channel messages to text format: 
      "[JohnDoe 2023-11-22]
Hello, World!

[JaneDoe 2023-11-22]
How are you?

[Alice 2023-11-22]
Hi there!


[Bob 2023-11-23]
Good morning!"
     1`] = `
"[JohnDoe 2023-11-22]
Hello, World!,[JaneDoe 2023-11-22]
How are you?,[Alice 2023-11-22]
Hi there!"
`;
