// Jest Snapshot v1, https://goo.gl/fbAQLP

exports[`JoinCommunity component renders component 1`] = `
<View
  style={
    {
      "backgroundColor": "#ffffff",
      "flex": 1,
    }
  }
  testID="join-community-component"
>
  <View
    onLayout={[Function]}
    style={
      {
        "flex": 1,
        "justifyContent": "center",
        "paddingLeft": 20,
        "paddingRight": 20,
      }
    }
  >
    <Text
      color="main"
      fontSize={24}
      fontWeight="medium"
      horizontalTextAlign="left"
      style={
        [
          {
            "color": "#000000",
            "fontFamily": "Rubik-Medium",
            "fontSize": 24,
            "textAlign": "left",
            "textAlignVertical": "center",
          },
          {
            "marginBottom": 30,
          },
        ]
      }
      verticalTextAlign="center"
    >
      Join community
    </Text>
    <View>
      <Text
        color="main"
        fontSize={14}
        horizontalTextAlign="left"
        style={
          [
            {
              "color": "#000000",
              "fontFamily": "Rubik-Regular",
              "fontSize": 14,
              "textAlign": "left",
              "textAlignVertical": "center",
            },
            {
              "color": "#4C4C4C",
              "paddingBottom": 10,
            },
          ]
        }
        verticalTextAlign="center"
      >
        Paste your invite link to join an existing community
      </Text>
      <View
        accessibilityState={
          {
            "busy": undefined,
            "checked": undefined,
            "disabled": false,
            "expanded": undefined,
            "selected": undefined,
          }
        }
        accessibilityValue={
          {
            "max": undefined,
            "min": undefined,
            "now": undefined,
            "text": undefined,
          }
        }
        accessible={true}
        collapsable={false}
        focusable={true}
        onBlur={[Function]}
        onClick={[Function]}
        onFocus={[Function]}
        onResponderGrant={[Function]}
        onResponderMove={[Function]}
        onResponderRelease={[Function]}
        onResponderTerminate={[Function]}
        onResponderTerminationRequest={[Function]}
        onStartShouldSetResponder={[Function]}
        round={false}
        style={
          [
            {
              "backgroundColor": "#ffffff",
              "borderColor": "#C4C4C4",
              "borderRadius": 4,
              "borderWidth": 1,
              "flexGrow": 1,
              "height": 56,
              "justifyContent": "center",
              "paddingLeft": 16,
              "paddingRight": 16,
            },
            {
              "height": 54,
            },
          ]
        }
      >
        <TextInput
          editable={true}
          height={54}
          onChangeText={[Function]}
          onContentSizeChange={[Function]}
          placeholder="Invite link"
          style={
            [
              {
                "height": 54,
                "paddingBottom": 12,
                "paddingTop": 12,
                "textAlignVertical": "center",
              },
            ]
          }
          testID="input"
        />
      </View>
    </View>
    <View
      style={
        {
          "marginTop": 32,
        }
      }
    >
      <View
        style={
          {
            "alignItems": "flex-start",
            "display": "flex",
            "flex": 1,
            "flexDirection": "row",
            "flexWrap": "wrap",
            "minHeight": 500,
          }
        }
      >
        <Text
          color="main"
          fontSize={14}
          horizontalTextAlign="left"
          style={
            [
              {
                "color": "#000000",
                "fontFamily": "Rubik-Regular",
                "fontSize": 14,
                "textAlign": "left",
                "textAlignVertical": "center",
              },
            ]
          }
          verticalTextAlign="center"
        >
          You
        </Text>
        <Text
          color="main"
          fontSize={14}
          horizontalTextAlign="left"
          style={
            [
              {
                "color": "#000000",
                "fontFamily": "Rubik-Regular",
                "fontSize": 14,
                "textAlign": "left",
                "textAlignVertical": "center",
              },
            ]
          }
          verticalTextAlign="center"
        >
           
        </Text>
        <Text
          color="main"
          fontSize={14}
          horizontalTextAlign="left"
          style={
            [
              {
                "color": "#000000",
                "fontFamily": "Rubik-Regular",
                "fontSize": 14,
                "textAlign": "left",
                "textAlignVertical": "center",
              },
            ]
          }
          verticalTextAlign="center"
        >
          can
        </Text>
        <Text
          color="main"
          fontSize={14}
          horizontalTextAlign="left"
          style={
            [
              {
                "color": "#000000",
                "fontFamily": "Rubik-Regular",
                "fontSize": 14,
                "textAlign": "left",
                "textAlignVertical": "center",
              },
            ]
          }
          verticalTextAlign="center"
        >
           
        </Text>
        <Text
          color="main"
          fontSize={14}
          horizontalTextAlign="left"
          style={
            [
              {
                "color": "#000000",
                "fontFamily": "Rubik-Regular",
                "fontSize": 14,
                "textAlign": "left",
                "textAlignVertical": "center",
              },
            ]
          }
          verticalTextAlign="center"
        >
          <Text
            color="link"
            fontSize={14}
            horizontalTextAlign="left"
            onPress={[Function]}
            style={
              [
                {
                  "color": "#67BFD3",
                  "fontFamily": "Rubik-Regular",
                  "fontSize": 14,
                  "textAlign": "left",
                  "textAlignVertical": "center",
                },
              ]
            }
            verticalTextAlign="center"
          >
            create a new community
          </Text>
        </Text>
        <Text
          color="main"
          fontSize={14}
          horizontalTextAlign="left"
          style={
            [
              {
                "color": "#000000",
                "fontFamily": "Rubik-Regular",
                "fontSize": 14,
                "textAlign": "left",
                "textAlignVertical": "center",
              },
            ]
          }
          verticalTextAlign="center"
        >
           
        </Text>
        <Text
          color="main"
          fontSize={14}
          horizontalTextAlign="left"
          style={
            [
              {
                "color": "#000000",
                "fontFamily": "Rubik-Regular",
                "fontSize": 14,
                "textAlign": "left",
                "textAlignVertical": "center",
              },
            ]
          }
          verticalTextAlign="center"
        >
          instead
        </Text>
      </View>
    </View>
    <View
      style={
        {
          "marginTop": 32,
        }
      }
    >
      <View
        accessibilityState={
          {
            "busy": undefined,
            "checked": undefined,
            "disabled": undefined,
            "expanded": undefined,
            "selected": undefined,
          }
        }
        accessible={true}
        focusable={true}
        onClick={[Function]}
        onResponderGrant={[Function]}
        onResponderMove={[Function]}
        onResponderRelease={[Function]}
        onResponderTerminate={[Function]}
        onResponderTerminationRequest={[Function]}
        onStartShouldSetResponder={[Function]}
        style={
          {
            "alignItems": "center",
            "backgroundColor": "#521C74",
            "borderRadius": 5,
            "justifyContent": "center",
            "marginVertical": 12,
            "minHeight": 45,
            "paddingVertical": 12,
            "width": undefined,
          }
        }
        testID="button"
      >
        <Text
          color="white"
          fontSize={14}
          horizontalTextAlign="left"
          style={
            [
              {
                "color": "#ffffff",
                "fontFamily": "Rubik-Regular",
                "fontSize": 14,
                "textAlign": "left",
                "textAlignVertical": "center",
              },
            ]
          }
          verticalTextAlign="center"
        >
          Continue
        </Text>
      </View>
    </View>
  </View>
</View>
`;

exports[`JoinCommunity component renders loading screen if not ready 1`] = `
<View
  style={
    {
      "alignItems": "center",
      "backgroundColor": "#ffffff",
      "flex": 1,
      "justifyContent": "center",
    }
  }
  testID="loading"
>
  <Image
    source={
      {
        "testUri": "../../../assets/icons/quiet_icon.png",
      }
    }
    style={
      {
        "borderRadius": 16,
        "height": 84,
        "marginBottom": 46,
        "marginTop": 20,
        "resizeMode": "cover",
        "width": 84,
      }
    }
  />
  <View
    style={
      {
        "alignItems": "center",
        "gap": 6,
      }
    }
  >
    <Text
      color="main"
      fontSize={14}
      fontWeight="medium"
      horizontalTextAlign="left"
      style={
        [
          {
            "color": "#000000",
            "fontFamily": "Rubik-Medium",
            "fontSize": 14,
            "textAlign": "left",
            "textAlignVertical": "center",
          },
        ]
      }
      verticalTextAlign="center"
    >
      Starting backend
    </Text>
    <Text
      color="gray50"
      fontSize={12}
      horizontalTextAlign="left"
      style={
        [
          {
            "color": "#7F7F7F",
            "fontFamily": "Rubik-Regular",
            "fontSize": 12,
            "textAlign": "left",
            "textAlignVertical": "center",
          },
        ]
      }
      verticalTextAlign="center"
    >
      This can take some time
    </Text>
  </View>
  <View
    style={
      {
        "margin": 20,
      }
    }
  >
    <Text
      color="grayDark"
      fontSize={12}
      horizontalTextAlign="left"
      style={
        [
          {
            "color": "#999999",
            "fontFamily": "Rubik-Regular",
            "fontSize": 12,
            "textAlign": "left",
            "textAlignVertical": "center",
          },
        ]
      }
      verticalTextAlign="center"
    >
      v 1.0.0
    </Text>
  </View>
</View>
`;
